
> hair-calculator-app@0.0.0 test
> vitest run


[1m[30m[46m RUN [49m[39m[22m [36mv4.1.6 [39m[90mC:/Users/Osiana/Desktop/hair/hair-calculator-app[39m

 [32m✓[39m src/utils/calculator.test.js [2m([22m[2m3 tests[22m[2m)[22m[32m 3[2mms[22m[39m
 [32m✓[39m src/store/hairStore.test.js [2m([22m[2m2 tests[22m[2m)[22m[32m 4[2mms[22m[39m
 [31m❯[39m src/components/PresetGallery.test.jsx [2m([22m[2m1 test[22m[2m | [22m[31m1 failed[39m[2m)[22m[32m 17[2mms[22m[39m
[31m     [31m×[31m triggers onSelectPreset with correct parameters when a card is clicked[39m[32m 15[2mms[22m[39m
 [31m❯[39m src/components/AssetManager.test.jsx [2m([22m[2m2 tests[22m[2m | [22m[31m2 failed[39m[2m)[22m[32m 21[2mms[22m[39m
[31m     [31m×[31m should convert PNG to JPEG when uploaded to the scalp_mask slot[39m[32m 17[2mms[22m[39m
[31m     [31m×[31m should not convert GLB files and use raw Object URLs[39m[32m 2[2mms[22m[39m
[90mstderr[2m | src/components/Experience.test.jsx
[22m[39mTHREE.WARNING: Multiple instances of Three.js being imported.

 [31m❯[39m src/components/Experience.test.jsx [2m([22m[2m0 test[22m[2m)[22m
 [31m❯[39m src/App.test.jsx [2m([22m[2m5 tests[22m[2m | [22m[31m5 failed[39m[2m)[22m[32m 93[2mms[22m[39m
[31m     [31m×[31m renders the main layout and sub-components[39m[32m 24[2mms[22m[39m
[31m     [31m×[31m toggles the Burger Menu when clicking the menu button[39m[32m 3[2mms[22m[39m
[31m     [31m×[31m displays the correct calculation result based on modifiers[39m[32m 2[2mms[22m[39m
[31m     [31m×[31m updates style when a StyleSelector option is clicked[39m[32m 2[2mms[22m[39m
[31m     [31m×[31m triggers thickness update when the RangeSlider is changed[39m[32m 60[2mms[22m[39m

[31m⎯⎯⎯⎯⎯⎯[39m[1m[41m Failed Suites 1 [49m[22m[31m⎯⎯⎯⎯⎯⎯⎯[39m

[41m[1m FAIL [22m[49m src/components/Experience.test.jsx[2m [ src/components/Experience.test.jsx ][22m
[31m[1mTypeError[22m: useGLTF.preload is not a function[39m
[36m [2m❯[22m src/components/HeadModel.jsx:[2m43:9[22m[39m
    [90m 41|[39m
    [90m 42|[39m [33mHeadModel[39m[33m.[39mdisplayName [33m=[39m [32m"HeadModel"[39m[33m;[39m
    [90m 43|[39m useGLTF[33m.[39m[34mpreload[39m([32m"/models/custombust.glb"[39m)[33m;[39m
    [90m   |[39m         [31m^[39m
[90m [2m❯[22m src/components/Experience.jsx:[2m9:1[22m[39m
[90m [2m❯[22m src/components/Experience.test.jsx:[2m4:1[22m[39m

[31m[2m⎯⎯⎯⎯⎯⎯⎯⎯⎯⎯⎯⎯⎯⎯⎯⎯⎯⎯⎯⎯⎯⎯⎯⎯[1/9]⎯[22m[39m


[31m⎯⎯⎯⎯⎯⎯⎯[39m[1m[41m Failed Tests 8 [49m[22m[31m⎯⎯⎯⎯⎯⎯⎯[39m

[41m[1m FAIL [22m[49m src/App.test.jsx[2m > [22mApp Component[2m > [22mrenders the main layout and sub-components
[31m[1mTestingLibraryElementError[22m: Unable to find an element with the text: Cinna's PAH. This could be because the text is broken up by multiple elements. In this case, you can provide a function for your text matcher to make your matcher more flexible.

Ignored nodes: comments, script, style
[36m<body>[31m
  [36m<div />[31m
[36m</body>[31m[39m
[90m [2m❯[22m Object.getElementError node_modules/@testing-library/dom/dist/config.js:[2m37:19[22m[39m
[90m [2m❯[22m node_modules/@testing-library/dom/dist/query-helpers.js:[2m76:38[22m[39m
[90m [2m❯[22m node_modules/@testing-library/dom/dist/query-helpers.js:[2m52:17[22m[39m
[90m [2m❯[22m node_modules/@testing-library/dom/dist/query-helpers.js:[2m95:19[22m[39m
[36m [2m❯[22m src/App.test.jsx:[2m68:23[22m[39m
    [90m 66|[39m     [34mit[39m([32m'renders the main layout and sub-components'[39m[33m,[39m () [33m=>[39m {
    [90m 67|[39m         [34mrender[39m([33m<[39m[33mApp[39m [33m/[39m[33m>[39m)[33m;[39m
    [90m 68|[39m         [34mexpect[39m(screen[33m.[39m[34mgetByText[39m([32m"Cinna's PAH"[39m))[33m.[39m[34mtoBeDefined[39m()[33m;[39m
    [90m   |[39m                       [31m^[39m
    [90m 69|[39m         [34mexpect[39m(screen[33m.[39m[34mgetByTestId[39m([32m'mock-experience'[39m))[33m.[39m[34mtoBeDefined[39m()[33m;[39m
    [90m 70|[39m         expect(screen.getByTestId('mock-preset-gallery')).toBeDefined(…

[31m[2m⎯⎯⎯⎯⎯⎯⎯⎯⎯⎯⎯⎯⎯⎯⎯⎯⎯⎯⎯⎯⎯⎯⎯⎯[2/9]⎯[22m[39m

[41m[1m FAIL [22m[49m src/App.test.jsx[2m > [22mApp Component[2m > [22mtoggles the Burger Menu when clicking the menu button
[31m[1mTestingLibraryElementError[22m: Unable to find a label with the text of: Open menu

Ignored nodes: comments, script, style
[36m<body>[31m
  [36m<div />[31m
[36m</body>[31m[39m
[90m [2m❯[22m Object.getElementError node_modules/@testing-library/dom/dist/config.js:[2m37:19[22m[39m
[90m [2m❯[22m getAllByLabelText node_modules/@testing-library/dom/dist/queries/label-text.js:[2m111:38[22m[39m
[90m [2m❯[22m node_modules/@testing-library/dom/dist/query-helpers.js:[2m52:17[22m[39m
[90m [2m❯[22m node_modules/@testing-library/dom/dist/query-helpers.js:[2m95:19[22m[39m
[36m [2m❯[22m src/App.test.jsx:[2m77:32[22m[39m
    [90m 75|[39m
    [90m 76|[39m         [90m// Open menu[39m
    [90m 77|[39m         [35mconst[39m menuBtn [33m=[39m screen[33m.[39m[34mgetByLabelText[39m([32m'Open menu'[39m)[33m;[39m
    [90m   |[39m                                [31m^[39m
    [90m 78|[39m         fireEvent[33m.[39m[34mclick[39m(menuBtn)[33m;[39m
    [90m 79|[39m         [34mexpect[39m(screen[33m.[39m[34mgetByText[39m([32m'About this project'[39m))[33m.[39m[34mtoBeDefined[39m()[33m;[39m

[31m[2m⎯⎯⎯⎯⎯⎯⎯⎯⎯⎯⎯⎯⎯⎯⎯⎯⎯⎯⎯⎯⎯⎯⎯⎯[3/9]⎯[22m[39m

[41m[1m FAIL [22m[49m src/App.test.jsx[2m > [22mApp Component[2m > [22mdisplays the correct calculation result based on modifiers
[31m[1mTestingLibraryElementError[22m: Unable to find an element with the text: Est: 5.25 packs. This could be because the text is broken up by multiple elements. In this case, you can provide a function for your text matcher to make your matcher more flexible.

Ignored nodes: comments, script, style
[36m<body>[31m
  [36m<div />[31m
[36m</body>[31m[39m
[90m [2m❯[22m Object.getElementError node_modules/@testing-library/dom/dist/config.js:[2m37:19[22m[39m
[90m [2m❯[22m node_modules/@testing-library/dom/dist/query-helpers.js:[2m76:38[22m[39m
[90m [2m❯[22m node_modules/@testing-library/dom/dist/query-helpers.js:[2m52:17[22m[39m
[90m [2m❯[22m node_modules/@testing-library/dom/dist/query-helpers.js:[2m95:19[22m[39m
[36m [2m❯[22m src/App.test.jsx:[2m90:23[22m[39m
    [90m 88|[39m         [34mrender[39m([33m<[39m[33mApp[39m [33m/[39m[33m>[39m)[33m;[39m
    [90m 89|[39m         [90m// 5.25 from mock calculateHairPacks[39m
    [90m 90|[39m         [34mexpect[39m(screen[33m.[39m[34mgetByText[39m([32m'Est: 5.25 packs'[39m))[33m.[39m[34mtoBeDefined[39m()[33m;[39m
    [90m   |[39m                       [31m^[39m
    [90m 91|[39m         [34mexpect[39m(screen[33m.[39m[34mgetByText[39m([32m'Rounded: 5 packs'[39m))[33m.[39m[34mtoBeDefined[39m()[33m;[39m
    [90m 92|[39m     })[33m;[39m

[31m[2m⎯⎯⎯⎯⎯⎯⎯⎯⎯⎯⎯⎯⎯⎯⎯⎯⎯⎯⎯⎯⎯⎯⎯⎯[4/9]⎯[22m[39m

[41m[1m FAIL [22m[49m src/App.test.jsx[2m > [22mApp Component[2m > [22mupdates style when a StyleSelector option is clicked
[31m[1mTestingLibraryElementError[22m: Unable to find an element with the text: Box Braids. This could be because the text is broken up by multiple elements. In this case, you can provide a function for your text matcher to make your matcher more flexible.

Ignored nodes: comments, script, style
[36m<body>[31m
  [36m<div />[31m
[36m</body>[31m[39m
[90m [2m❯[22m Object.getElementError node_modules/@testing-library/dom/dist/config.js:[2m37:19[22m[39m
[90m [2m❯[22m node_modules/@testing-library/dom/dist/query-helpers.js:[2m76:38[22m[39m
[90m [2m❯[22m node_modules/@testing-library/dom/dist/query-helpers.js:[2m52:17[22m[39m
[90m [2m❯[22m node_modules/@testing-library/dom/dist/query-helpers.js:[2m95:19[22m[39m
[36m [2m❯[22m src/App.test.jsx:[2m96:37[22m[39m
    [90m 94|[39m     [34mit[39m([32m'updates style when a StyleSelector option is clicked'[39m[33m,[39m () [33m=>[39m {
    [90m 95|[39m         [34mrender[39m([33m<[39m[33mApp[39m [33m/[39m[33m>[39m)[33m;[39m
    [90m 96|[39m         [35mconst[39m boxBraidsBtn [33m=[39m screen[33m.[39m[34mgetByText[39m([32m'Box Braids'[39m)[33m;[39m
    [90m   |[39m                                     [31m^[39m
    [90m 97|[39m         fireEvent[33m.[39m[34mclick[39m(boxBraidsBtn)[33m;[39m
    [90m 98|[39m

[31m[2m⎯⎯⎯⎯⎯⎯⎯⎯⎯⎯⎯⎯⎯⎯⎯⎯⎯⎯⎯⎯⎯⎯⎯⎯[5/9]⎯[22m[39m

[41m[1m FAIL [22m[49m src/App.test.jsx[2m > [22mApp Component[2m > [22mtriggers thickness update when the RangeSlider is changed
[31m[1mTestingLibraryElementError[22m: Unable to find an accessible element with the role "slider"

There are no accessible roles. But there might be some inaccessible roles. If you wish to access them, then set the `hidden` option to `true`. Learn more about this here: https://testing-library.com/docs/dom-testing-library/api-queries#byrole

Ignored nodes: comments, script, style
[36m<body>[31m
  [36m<div />[31m
[36m</body>[31m[39m
[90m [2m❯[22m Object.getElementError node_modules/@testing-library/dom/dist/config.js:[2m37:19[22m[39m
[90m [2m❯[22m node_modules/@testing-library/dom/dist/query-helpers.js:[2m76:38[22m[39m
[90m [2m❯[22m node_modules/@testing-library/dom/dist/query-helpers.js:[2m109:15[22m[39m
[36m [2m❯[22m src/App.test.jsx:[2m106:40[22m[39m
    [90m104|[39m
    [90m105|[39m         [90m// Find the thickness slider (input range)[39m
    [90m106|[39m         const thicknessSlider = screen.getAllByRole('slider')[0]; // F…
    [90m   |[39m                                        [31m^[39m
    [90m107|[39m
    [90m108|[39m         fireEvent[33m.[39m[34mchange[39m(thicknessSlider[33m,[39m { target[33m:[39m { value[33m:[39m [32m'6'[39m } })[33m;[39m

[31m[2m⎯⎯⎯⎯⎯⎯⎯⎯⎯⎯⎯⎯⎯⎯⎯⎯⎯⎯⎯⎯⎯⎯⎯⎯[6/9]⎯[22m[39m

[41m[1m FAIL [22m[49m src/components/AssetManager.test.jsx[2m > [22mAssetManager JPEG Conversion[2m > [22mshould convert PNG to JPEG when uploaded to the scalp_mask slot
[41m[1m FAIL [22m[49m src/components/AssetManager.test.jsx[2m > [22mAssetManager JPEG Conversion[2m > [22mshould not convert GLB files and use raw Object URLs
[31m[1mError[22m: [vitest] No "useDevStore" export is defined on the "../store/hairStore" mock. Did you forget to return it from "vi.mock"?
If you need to partially mock a module, you can use "importOriginal" helper inside:
[39m
vi.mock(import("../store/hairStore"), async (importOriginal) => {
  const actual = await importOriginal()
  return {
    ...actual,
    // your mocked methods
  }
})

[36m [2m❯[22m AssetManager src/components/AssetManager.jsx:[2m13:22[22m[39m
    [90m 11|[39m     const { customPresets, addCustomPreset, deleteCustomPreset, update…
    [90m 12|[39m
    [90m 13|[39m     [35mconst[39m devStore [33m=[39m [34museDevStore[39m()[33m;[39m
    [90m   |[39m                      [31m^[39m
    [90m 14|[39m     const { isEnabled, setIsDevEnabled, assets, setAssetOverride, rese…
    [90m 15|[39m
[90m [2m❯[22m Object.react_stack_bottom_frame node_modules/react-dom/cjs/react-dom-client.development.js:[2m25904:20[22m[39m
[90m [2m❯[22m renderWithHooks node_modules/react-dom/cjs/react-dom-client.development.js:[2m7662:22[22m[39m
[90m [2m❯[22m updateFunctionComponent node_modules/react-dom/cjs/react-dom-client.development.js:[2m10166:19[22m[39m
[90m [2m❯[22m beginWork node_modules/react-dom/cjs/react-dom-client.development.js:[2m11778:18[22m[39m
[90m [2m❯[22m runWithFiberInDEV node_modules/react-dom/cjs/react-dom-client.development.js:[2m874:13[22m[39m
[90m [2m❯[22m performUnitOfWork node_modules/react-dom/cjs/react-dom-client.development.js:[2m17641:22[22m[39m
[90m [2m❯[22m workLoopSync node_modules/react-dom/cjs/react-dom-client.development.js:[2m17469:41[22m[39m

[31m[2m⎯⎯⎯⎯⎯⎯⎯⎯⎯⎯⎯⎯⎯⎯⎯⎯⎯⎯⎯⎯⎯⎯⎯⎯[7/9]⎯[22m[39m

[41m[1m FAIL [22m[49m src/components/PresetGallery.test.jsx[2m > [22mPresetGallery Integration[2m > [22mtriggers onSelectPreset with correct parameters when a card is clicked
[31m[1mError[22m: [vitest] No "ChevronDown" export is defined on the "lucide-react" mock. Did you forget to return it from "vi.mock"?
If you need to partially mock a module, you can use "importOriginal" helper inside:
[39m
vi.mock(import("lucide-react"), async (importOriginal) => {
  const actual = await importOriginal()
  return {
    ...actual,
    // your mocked methods
  }
})

[36m [2m❯[22m PresetGallery src/components/PresetGallery.jsx:[2m59:75[22m[39m
    [90m 57|[39m                         aria-label={isVisible ? "Minimize presets" : "…
    [90m 58|[39m                     [33m>[39m
    [90m 59|[39m                         {isVisible ? <ChevronUp className="h-4 w-4" />…
    [90m   |[39m                                                                           [31m^[39m
    [90m 60|[39m                     [33m<[39m[33m/[39m[33mbutton[39m[33m>[39m
    [90m 61|[39m                     [33m<[39m[33mdiv[39m[33m>[39m
[90m [2m❯[22m Object.react_stack_bottom_frame node_modules/react-dom/cjs/react-dom-client.development.js:[2m25904:20[22m[39m
[90m [2m❯[22m renderWithHooks node_modules/react-dom/cjs/react-dom-client.development.js:[2m7662:22[22m[39m
[90m [2m❯[22m updateFunctionComponent node_modules/react-dom/cjs/react-dom-client.development.js:[2m10166:19[22m[39m
[90m [2m❯[22m beginWork node_modules/react-dom/cjs/react-dom-client.development.js:[2m11778:18[22m[39m
[90m [2m❯[22m runWithFiberInDEV node_modules/react-dom/cjs/react-dom-client.development.js:[2m874:13[22m[39m
[90m [2m❯[22m performUnitOfWork node_modules/react-dom/cjs/react-dom-client.development.js:[2m17641:22[22m[39m
[90m [2m❯[22m workLoopSync node_modules/react-dom/cjs/react-dom-client.development.js:[2m17469:41[22m[39m

[31m[2m⎯⎯⎯⎯⎯⎯⎯⎯⎯⎯⎯⎯⎯⎯⎯⎯⎯⎯⎯⎯⎯⎯⎯⎯[8/9]⎯[22m[39m


[2m Test Files [22m [1m[31m4 failed[39m[22m[2m | [22m[1m[32m2 passed[39m[22m[90m (6)[39m
[2m      Tests [22m [1m[31m8 failed[39m[22m[2m | [22m[1m[32m5 passed[39m[22m[90m (13)[39m
[2m   Start at [22m 18:45:57
[2m   Duration [22m 1.54s[2m (transform 669ms, setup 0ms, import 1.25s, tests 137ms, environment 4.45s)[22m

